.\venv\Scripts\python.exe : .2026-02-11 
10:50:12,380 - CheckpointManager - INFO - 
\U0001f4be Checkpoint saved locally to C:\Users\ya
shs\AppData\Local\Temp\tmpd5rs1321\.checkpoints\ch
eckpoint_d218c151c4a9.json
At line:1 char:69
+ ... ex.lock" }; .\venv\Scripts\python.exe -m 
unittest discover tests 2>&1 ...
+                 ~~~~~~~~~~~~~~~~~~~~~~~~~~~~~~~~
~~~~~~~~~~~~~~~~~~~~~~~~~
    + CategoryInfo          : NotSpecified: (.202 
   6-02-11 10:...18c151c4a9.json:String) [], Rem  
  oteException
    + FullyQualifiedErrorId : NativeCommandError
 
.2026-02-11 10:50:12,385 - CheckpointManager - 
INFO - \U0001f4be Checkpoint saved locally to C:\U
sers\yashs\AppData\Local\Temp\tmpjk2kpqnc\.checkpo
ints\checkpoint_d218c151c4a9.json
2026-02-11 10:50:12,386 - CheckpointManager - 
INFO - \U0001f504 Checkpoint loaded successfully 
from C:\Users\yashs\AppData\Local\Temp\tmpjk2kpqnc
\.checkpoints\checkpoint_d218c151c4a9.json
.E...EFE.............
==================================================
====================
ERROR: test_stage_property_logic (test_checkpoint.
TestCheckpointSystem.test_stage_property_logic)
Verify the stage calculation logic in 
PipelineState.
--------------------------------------------------
--------------------
Traceback (most recent call last):
  File "C:\Users\yashs\antigravity\tests\test_chec
kpoint.py", line 69, in test_stage_property_logic
    state.characters = [Character(name="M", 
description="D", personality="P")]
                        ^^^^^^^^^^^^^^^^^^^^^^^^^^
^^^^^^^^^^^^^^^^^^^^^^^^^^^
  File "C:\Users\yashs\antigravity\venv\Lib\site-p
ackages\pydantic\main.py", line 250, in __init__
    validated_self = 
self.__pydantic_validator__.validate_python(data, 
self_instance=self)
                     ^^^^^^^^^^^^^^^^^^^^^^^^^^^^^
^^^^^^^^^^^^^^^^^^^^^^^^^^^^^^^^^^^^^^^^
pydantic_core._pydantic_core.ValidationError: 1 
validation error for Character
pronouns
  Field required [type=missing, 
input_value={'name': 'M', 'descriptio...'D', 
'personality': 'P'}, input_type=dict]
    For further information visit 
https://errors.pydantic.dev/2.12/v/missing

==================================================
====================
ERROR: test_dialogue_repair (test_json_resilience.
TestJSONResilience.test_dialogue_repair)
Verify that string-based dialogue lists are 
repaired to speaker/text dicts.
--------------------------------------------------
--------------------
Traceback (most recent call last):
  File "C:\Users\yashs\antigravity\tests\test_json
_resilience.py", line 149, in test_dialogue_repair
    self.assertEqual(dialogue[0]["speaker"], 
"Santiago")
                     ~~~~~~~~~~~^^^^^^^^^^^
TypeError: string indices must be integers, not 
'str'

==================================================
====================
ERROR: test_heuristic_repair_panel_id (test_json_r
esilience.TestJSONResilience.test_heuristic_repair
_panel_id)
Verify that 'panel_id' is correctly mapped to 
'id'.
--------------------------------------------------
--------------------
Traceback (most recent call last):
  File "C:\Users\yashs\antigravity\tests\test_json
_resilience.py", line 48, in 
test_heuristic_repair_panel_id
    self.assertEqual(repaired["scenes"][0]["panels
"][0]["id"], 1)
                     
~~~~~~~~~~~~~~~~~~~~~~~~~~~~~~~~~~^^^^^^
KeyError: 'id'

==================================================
====================
FAIL: test_float_id_normalization (test_json_resil
ience.TestJSONResilience.test_float_id_normalizati
on)
Verify that floating point IDs (e.g. 1.1) are 
truncated to integers.
--------------------------------------------------
--------------------
Traceback (most recent call last):
  File "C:\Users\yashs\antigravity\tests\test_json
_resilience.py", line 91, in 
test_float_id_normalization
    self.assertEqual(repaired["scenes"][0]["panels
"][0]["id"], 1)
AssertionError: 1.1 != 1

--------------------------------------------------
--------------------
Ran 23 tests in 0.025s

FAILED (failures=1, errors=3)
2026-02-11 10:50:12,479 - Agent.CheckpointGit - 
WARNING - Git command 'git add C:\Users\yashs\AppD
ata\Local\Temp\tmpjk2kpqnc\.checkpoints\checkpoint
_d218c151c4a9.json' failed: fatal: C:UsersyashsApp
DataLocalTemptmpjk2kpqnc.checkpointscheckpoint_d21
8c151c4a9.json: 'C:UsersyashsAppDataLocalTemptmpjk
2kpqnc.checkpointscheckpoint_d218c151c4a9.json' 
is outside repository at 
'C:/Users/yashs/antigravity'

2026-02-11 10:50:12,481 - Agent.CheckpointGit - 
WARNING - Git command 'git add C:\Users\yashs\AppD
ata\Local\Temp\tmpd5rs1321\.checkpoints\checkpoint
_d218c151c4a9.json' failed: fatal: C:UsersyashsApp
DataLocalTemptmpd5rs1321.checkpointscheckpoint_d21
8c151c4a9.json: 'C:UsersyashsAppDataLocalTemptmpd5
rs1321.checkpointscheckpoint_d218c151c4a9.json' 
is outside repository at 
'C:/Users/yashs/antigravity'

